// Jest Snapshot v1, https://goo.gl/fbAQLP

exports[`Testing Screens rendering CartScreen renders correctly 1`] = `
<View
  style={
    Object {
      "alignItems": "center",
      "flex": 1,
      "justifyContent": "center",
    }
  }
  testID="CartScreen"
>
  <Text
    allowFontScaling={false}
    selectable={false}
    style={
      Array [
        Object {
          "color": "grey",
          "fontSize": 80,
        },
        undefined,
        Object {
          "fontFamily": "Ionicons",
          "fontStyle": "normal",
          "fontWeight": "normal",
        },
        Object {},
      ]
    }
  >
    ï‡¡
  </Text>
  <Text
    style={
      Object {
        "color": "grey",
        "fontSize": 20,
        "fontWeight": "bold",
      }
    }
  >
    Your cart is empty
  </Text>
</View>
`;
